Gg^Efm, Gg^Efm, Gg^Efm, Rp, Rp, Gg, Rp, Gg, Gg, Gg^Fms, Gg^Fds, Gg^Fds, Gg, Gg^Fms, Gg^Fds, Gg^Fds, Gg^Fms, Gg^Fms, Gg^Fms, Gg, Gg^Fds, Gg, Gg, Gs, Gg, Gg^Fds, Gg, Gg, Gg, Gg, Gg, Gg, Ww, Gg^Fds, Gg^Fms, Gg, Gg, Gs, Gs, Gs, Gs^Fms, Gs^Fds, Re^Gvs, Gs, Rb^Gvs, Rb^Gvs, Rb^Gvs, Gs
Gg^Fds, Gg^Fds, Gg^Fds, Gs^Em, Gg^Fet, Gg^Fms, Gg, Rp, Gg^Fms, Gg^Fds, Gg^Fds, Gg^Fds, Gg, Gg^Ve, Gg^Fms, Gg^Fms, Gg^Fds, Gg^Fds, Gg, Gg^Fds, Gg, Gg^Fds, Gs, Gg^Es, Gs, Gg, Gs^Es, Gs, Gs, Gg^Fds, Gg^Fms, Gg^Fms, Ww, Gg^Fms, Gs, Gg^Fds, Gg, Gg, Gg, Gs^Fds, Gs, Re^Gvs, Re^Gvs, Re^Gvs, Rb^Gvs, Rb^Gvs, Rb, Rb^Gvs
Gg^Fp, Gg^Fp, Gg^Fp, Gg, Rp, Rp, Rp, Ww, Ww, Gg, Gg, Gg, Gg^Fms, Gg^Fms, Gg^Fds, Gg^Fds, Gg^Fds, Gg^Fds, Gg, Gg, Gs, Gs, Gs^Es, Gs, Gs, Gg, Gs, Gs, Gs, Gs, Ww, Ww, Gg, Gg^Fds, Gs^Fds, Gg, Gg, Gg, Gs^Fds, Gs, Gs, Re^Gvs, Rb^Gvs, Rb^Wm, Gs, Re^Gvs, Gg^Fds, Gg
Gg^Fms, Gg^Fms, Gg^Fms, Gg, Rp, Gg^Efm, Gg^Fet, Ww, Rp, Gg^Fet, Gg, Gg, Gg, Gg^Fds, Gg^Fds, Gg^Fds, Gg, Gg^Fds, Gg^Fds, Gg, Gg^Fds, Gg^Fms, Gg^Fms, Gg^Fms, Gs, Gs, Gs, Gs, Gs, Ww, Gs, Gs, Gs, Gs^Fms, Gs^Fds, Gs^Fds, Gs, Gs^Fds, Gs^Fds, Gs, Rb^Gvs, Rb^Gvs, Rb^Gvs, Re^Gvs, Rb, Gg^Fds, Gg, Gs
Gg^Fet, Gg^Fp, Gg^Fet, Ww, Ww, Cv, Kv, Cv, Gg^Efm, Rp, Gg, Gg^Efm, Gg, Gg^Fds, Gg^Fms, Gg^Fms, Gg, Gg, Gg, Gg^Fds, Gg, Gg^Fms, Gg^Fds, Gs^Qhh, Gs, Gg, Gs, Gs, Gs, Ww, Ww^Es, Gs, Gs, Gs^Vl, Gs^Fms, Gs, Gs, Gs^Fds, Gg^Fms, Gg^Fms, Gg^Fms, Rb^Gvs, Gs^Qhh, Rb^Qhh, Re^Eff, Rb^Gvs, Rb^Gvs, Rb^Gvs
Gs^Fms, Gs^Fms, Gs^Fms, Ww, Rp, Gg^Fet, Cv, Gg^Fet, Rp, Rp, Gg^Fds, Gg^Efm, Gg^Efm, Gg, Gg, Gg^Fds, Gg^Fds, Gg, Gs, Gs, Gs, Gs, Gs, Gs^Qhh, Hh, Gs, Ww, Gs, Wwf, Wwf, Ww, Ds, Ds^Qhh, Gs^Fds, Gs, Gs^Fms, Gs, Gs, Gg^Fds, Gs, Gg, Gg^Qhh, Gg^Fds, Gs, Gg, Re^Eff, Gs^Eff, Re^Gvs
Gg^Fds, Gg^Fds, Gg^Fds, Gg^Ve, Rp, Gg^Efm, Rp, Ww, Ww, Gg^Fds, Gg^Fms, Gg, Gg, Gg^Efm, Gg, Gg^Fds, Gg^Fds, Gg, Gs, Gs, Gs, Gs, Gs, Hh^Qhh, Hh^Qhh, Cer^Edt, Ww, Ww, Hh, Hh, Cer^Qhh, Ww, Wwf^Edt, Gs^Qhh, Gs, Gs, Gs, Gg^Fms, Gg^Qhhf, Gg, Gg^Qhhf, Gg^Qhhf, Gg, Gg^Fms, Gg^Fds, Gg^Fds, Gg^Fds, Gs^Eff
Gs^Fp, Gs^Fp, Gs^Fp, Gg^Fds, Gg^Fet, Rp, Gg^Fds, Ww, Gg^Fet, Gg^Fds, Gg^Fms, Gg^Fds, Gg, Gg^Efm, Gg^Efm, Gg, Gg, Gg, Gs, Gs^Es, Gs, Gs, Gs, Gs, Hh, Ds^Qhh, Wwf^Es, Wwf, Ww^Qhh, Hh^Qhh, Ww, Ww^Qhh, Gs^Es, Gs^Qhh, Hh^Es, Hh, Gg^Qhhf, Gg^Fms, Gg^Qhhf, Gg^Qhhf, Gg^Fds, Gs, Gs, Gg^Fms, Gg, Gg^Fds, Gg^Fds, Gs
Gg^Qhu, Gg, Gg, Gg, Gg^Efm, Gg^Fp, Gg, Gg, Gg, Gg, Gg^Qhu, Gg, Gg, Gg, Gg, Gg^Efm, Re, Gs, Gs, Gs, Re, Gs, Gs, Gs, Gs, Ds^Qhh, Ds^Qhh, Hh, Cer^Qhh, Ww, Ww, Gs^Qhh, Gs^_mh, Gs^Qhh, Hh^Qhh, Hh^Qhh, Hh, Gg^Qhhf, Re, Gs, Re, Re, Gg, Gg, Gg, Gg^Es, Rb^Es, Re
Gg, Gg^Qhu, Gg^Qhu, Gg, Gg^Qhuf, Gg^Qhuf, Gg^Qhuf, Gg^Qhuf, Gg^Qhuf, Gg^Qhu, Gg^Fds, Gg^Qhuf, Gg^Qhuf, Gg^Fms, Gg, Gs, Gg, Re, Re, Gg, Gg, Re, Gs, Gs, Gs, Hhd, Hhd, Hhd^Qhh, Ww, Ww, Hhd, Gs^Qhh, Gs^Qhh, Hh^Qhh, Gs^Es, Hh, Re, Re, Rb, Rb, Gs, Re, Rb, Gg, Re, Rb, Re, Rb
Gg^Fms, Gg^Fms, Gg^Fms, Gg^Qhuf, Gg^Fms, Gg^Fms, Gg^Fms, Gg^Fds, Gg^Fds, Gg, Gg^Fds, Gg^Fms, Gg^Fds, Gg^Qhuf, Gg^Qhuf, Gg, Gs, Gg, Gg, Gg, Gg^Es, Gs, Gs, Re, Re, Re, Rb, Rb, Ww^Bw\, Ds, Ds, Ds^Es, Gs, Gs, Re, Gg, Gg, Gg, Gg, Gs, Re^Gvs, Gg, Gg^Es, Gg, Gg, Gg, Re^Gvs, Re^Gvs
Gg, Gg, Gg, Gg^Fds, Gg^Fds, Gg^Fds, Gg^Fds, Gg^Fds, Gg, Gg, Gg, Gg^Fds, Gg, Gg^Fds, Gg^Qhuf, Gg^Fds, Gg, Gs, Gg, Gg, Gg^Fds, Gg, Gg^Fds, Gs, Gs, Re, Hhd, Hhd, Ww, Rb, Rb, Gs, Gs, Re, Gs, Gs, Gs, Gg, Rb^Gvs, Re^Gvs, Rb^Gvs, Rb^Gvs, Re^Gvs, Gg^Vh, Re^Gvs, Re^Gvs, Rb^Gvs, Rb^Gvs
Gg^Fds, Gg^Fds, Gg^Fds, Gg^Fds, Gg^Fds, Gg, Gg, Gg, Gg^Fds, Gg, Gg^Efm, Gg, Gg, Gg^Fds, Gg^Qhuf, Gg^Fds, Gg, Gg, Gg^Fds, Gg^Fds, Gs, Gg^Fds, Gs^Edt, Gg^Fds, Gs^Edt, Re^Es, Hhd, Cer^Edt, Ww, Gg, Gs, Gs, Gs, Gs, Gs, Gs, Re^Eff, Re, Re, Re, Gs^Eff, Rb^Gvs, Rb^Gvs, Re^Gvs, Rb^Gvs, Rb^Gvs, Rb^Gvs, Rb^Gvs
Gg^Fds, Gg^Fds, Gg^Fds, Gg^Fds, Gg^Fds, Gg, Gg^Fms, Gg^Fds, Gg^Fds, Gg^Efm, Gg^Efm, Gg^Efm, Gg^Efm, Gg, Gg, Gg^Qhu, Gg^Qhu, Gs, Gs, Gs, Gg^Fms, Gg^Fms, Cer, Gs, Ww, Re, Ww, Ww, Gs, Gs, Gs, Gs, Gs, Gs, Re^Eff, Re^Eff, Re^Gvs, Re^Gvs, Re^Gvs, Gg, Gg, Gs^Eff, Rb^Eff, Rb^Gvs, Rb^Gvs, Rb^Gvs, Re^Gvs, Re^Gvs
Gg^Fms, Gg^Fms, Gg^Fms, Gg^Fms, Gg^Fms, Gg^Fms, Gg^Fms, Gg^Fds, Gg^Fds, Gg^Fds, Gg, Gg^Efm, Gg^Efm, Gg^Efm, Gg^Efm, Gg, Gg^Efm, Gg^Qhu, Gg^Qhu, Gg, Re, Cer^Edt, 2 Ker, Ww^Es, Ww, Ww, Ds, Ds, Ds, Gs, Gs, Gs, Re^Eff, Re^Eff, Re^Gvs, Re^Gvs, Re^Gvs, Re^Gvs, Re, Gg^Es, Gg^Eff, Gg^Eff, Gs^Eff, Rb^Gvs, Rb^Gvs, Rb^Gvs, Rb^Gvs, Rb^Gvs
Gg, Gg, Gg, Gg^Fms, Gg^Fms, Gg^Fms, Gg^Fds, Gg^Fds, Gg^Fds, Gg, Gg, Gg^Efm, Gg, Gg^Efm, Gg^Efm, Gg^Efm, Gg^Efm, Gg^Efm, Gg^_ml, Gg^Qhu, Gg, Rb^Vct, Cer^Edt, Cer, Ww, Ww^Es, Ww, Ds, Ds, Gs, Gs, Gs^Eff, Gg^Eff, Re^Vhr, Rb^Gvs, Re^Gvs, Rb^Gvs, Re, Re, Rb^Gvs, Rb^Gvs, Rb^Gvs, Rb^Gvs, Gg^Eff, Gg^Eff, Rb^Gvs, Rb^Gvs, Rb^Gvs
Gg^Fds, Gg^Fds, Gg^Fds, Gg^Fds, Gg^Fds, Gg^Fds, Gg, Gg, Gg^Fds, Gg, Gs, Gg^Efm, Gg^Efm, Gg^Efm, Gg^Efm, Gg, Gg, Gg^Efm, Gs^Qhu, Gs^Qhu, Re, Rb, Rb^Edt, Rb^Edt, Rb^Vct, Gs^Fds, Cer^Edt, Ww, Gs, Gs, Gs, Gs^Es, Re^Eff, Re^Eff, Rb^Gvs, Rb^Gvs, Rb^Gvs, Gs^Vh, Gs^Eff, Re^Gvs, Re^Gvs, Rb^Gvs, Rb^Gvs, Rb^Gvs, Rb^Gvs, Gs^Eff, Rb^Wm, Rb
Gg^Fms, Gg^Fms, Gg^Fms, Gg^Fds, Gg^Fds, Gg, Gg, Gg, Gg^Fms, Gg^Fms, Gs, Gg^Efm, Gg^Efm, Gg^Efm, Gg^Efm, Gg^Efm, Gg^Efm, Gg^Qhu, Gg, Gg, Re^Es, Re, Rb, Rb^Vct, Gs, Gs^Fms, Ww, Ww, Gs, Gs, Gs, Gs, Gg, Rb^Gvs, Rb^Gvs, Rb^Gvs, Rb^Gvs, Rb^Gvs, Re^Eff, Rb^Eff, Re^Gvs, Rb^Gvs, Rb^Gvs, Rb^Gvs, Rb^Gvs, Rb^Gvs, Rb, Gs^Eff
Gs, Gs, Gs, Gg^Fms, Gg, Gg, Gg, Gs, Gg^Fds, Gg, Gg^Efm, Gg^Efm, Gg^Efm, Gg, Gg, Gg^Efm, Gs^Qhu, Gs^Qhu, Gs, Re, Re, Gg^Es, Gg, Gg, Gs^Esd, Gs, Ww, Ww, Ww, Gs, Gs^Es, Gg, Gs, Re, Re, Rb^Gvs, Re, Rb^Eff, Re, Rb^Gvs, Rb^Gvs, Re^Gvs, Rb^Gvs, Rb^Gvs, Rb^Gvs, Rb^Gvs, Rb^Gvs, Rb
